Archive member included to satisfy reference by file (symbol)

c:/program files (x86)/atmel/studio/7.0/toolchain/avr8/avr8-gnu-toolchain/bin/../lib/gcc/avr/5.4.0/avr5\libgcc.a(_udivmodsi4.o)
                              LCD_programe.o (__udivmodsi4)
c:/program files (x86)/atmel/studio/7.0/toolchain/avr8/avr8-gnu-toolchain/bin/../lib/gcc/avr/5.4.0/avr5\libgcc.a(_exit.o)
                              C:/Program Files (x86)/Atmel/Studio/7.0/Packs/atmel/ATmega_DFP/1.7.374/gcc/dev/atmega32/avr5/crtatmega32.o (exit)
c:/program files (x86)/atmel/studio/7.0/toolchain/avr8/avr8-gnu-toolchain/bin/../lib/gcc/avr/5.4.0/avr5\libgcc.a(_copy_data.o)
                              KPD_programe.o (__do_copy_data)
c:/program files (x86)/atmel/studio/7.0/toolchain/avr8/avr8-gnu-toolchain/bin/../lib/gcc/avr/5.4.0/avr5\libgcc.a(_clear_bss.o)
                              main.o (__do_clear_bss)
c:/program files (x86)/atmel/studio/7.0/toolchain/avr8/avr8-gnu-toolchain/bin/../lib/gcc/avr/5.4.0/avr5\libgcc.a(_umulhisi3.o)
                              main.o (__umulhisi3)

Allocating common symbols
Common symbol       size              file

Value               0x1               main.o
temp_sensor_reading
                    0x1               main.o
analoge             0x1               main.o
temp_2              0x1               main.o
temp                0x1               main.o
DigitalValue        0x2               main.o
NumOfTrail          0x1               main.o
temprature          0x1               main.o
SetValue            0x2               main.o

Discarded input sections

 .data          0x00000000        0x0 C:/Program Files (x86)/Atmel/Studio/7.0/Packs/atmel/ATmega_DFP/1.7.374/gcc/dev/atmega32/avr5/crtatmega32.o
 .bss           0x00000000        0x0 C:/Program Files (x86)/Atmel/Studio/7.0/Packs/atmel/ATmega_DFP/1.7.374/gcc/dev/atmega32/avr5/crtatmega32.o
 .text          0x00000000        0x0 ADC_programme.o
 .data          0x00000000        0x0 ADC_programme.o
 .bss           0x00000000        0x0 ADC_programme.o
 .text          0x00000000        0x0 DIO_program.o
 .data          0x00000000        0x0 DIO_program.o
 .bss           0x00000000        0x0 DIO_program.o
 .text.DIO_togglePinValue
                0x00000000       0x68 DIO_program.o
 .text          0x00000000        0x0 DOOR_Program.o
 .data          0x00000000        0x0 DOOR_Program.o
 .bss           0x00000000        0x0 DOOR_Program.o
 .text          0x00000000        0x0 EEPROM.o
 .data          0x00000000        0x0 EEPROM.o
 .bss           0x00000000        0x0 EEPROM.o
 .text.EEPROM_ui8ReadByteFromAddress
                0x00000000       0x12 EEPROM.o
 .text.EEPROM_vReadBlockFromAddress
                0x00000000       0x32 EEPROM.o
 .text.EEPROM_vWriteByteToAddress
                0x00000000       0x24 EEPROM.o
 .text.EEPROM_vWriteBlockToAddress
                0x00000000       0x4e EEPROM.o
 .debug_info    0x00000000      0x1d6 EEPROM.o
 .debug_abbrev  0x00000000       0xe2 EEPROM.o
 .debug_loc     0x00000000       0xdf EEPROM.o
 .debug_aranges
                0x00000000       0x38 EEPROM.o
 .debug_ranges  0x00000000       0x28 EEPROM.o
 .debug_line    0x00000000      0x1a5 EEPROM.o
 .debug_str     0x00000000      0x233 EEPROM.o
 .comment       0x00000000       0x31 EEPROM.o
 .debug_frame   0x00000000       0x60 EEPROM.o
 .text          0x00000000        0x0 EEPROM_program.o
 .data          0x00000000        0x0 EEPROM_program.o
 .bss           0x00000000        0x0 EEPROM_program.o
 .text          0x00000000        0x0 KPD_programe.o
 .data          0x00000000        0x0 KPD_programe.o
 .bss           0x00000000        0x0 KPD_programe.o
 .text          0x00000000        0x0 LCD_programe.o
 .data          0x00000000        0x0 LCD_programe.o
 .bss           0x00000000        0x0 LCD_programe.o
 .text.LCD_writeNumber
                0x00000000       0xb8 LCD_programe.o
 .text.LCD_shift
                0x00000000       0x30 LCD_programe.o
 .text          0x00000000        0x0 LED_Program.o
 .data          0x00000000        0x0 LED_Program.o
 .bss           0x00000000        0x0 LED_Program.o
 .text          0x00000000        0x0 main.o
 .data          0x00000000        0x0 main.o
 .bss           0x00000000        0x0 main.o
 .bss.loginMode
                0x00000000        0x1 main.o
 .bss.Guestcounter
                0x00000000        0x1 main.o
 .data.pass_size
                0x00000000        0x1 main.o
 .bss.start_messsage
                0x00000000        0x1 main.o
 .text          0x00000000        0x0 Main_config.o
 .data          0x00000000        0x0 Main_config.o
 .bss           0x00000000        0x0 Main_config.o
 .debug_line    0x00000000        0x0 Main_config.o
 .debug_str     0x00000000      0x103 Main_config.o
 .comment       0x00000000       0x31 Main_config.o
 .text          0x00000000        0x0 TIMER1_Program.o
 .data          0x00000000        0x0 TIMER1_Program.o
 .bss           0x00000000        0x0 TIMER1_Program.o
 .text.TIMER1_setCompareMatchValueB
                0x00000000        0x6 TIMER1_Program.o
 .text          0x00000000        0x0 TWI_program.o
 .data          0x00000000        0x0 TWI_program.o
 .bss           0x00000000        0x0 TWI_program.o
 .text          0x00000000        0x0 UART_programe.o
 .data          0x00000000        0x0 UART_programe.o
 .bss           0x00000000        0x0 UART_programe.o
 .text          0x00000000        0x0 c:/program files (x86)/atmel/studio/7.0/toolchain/avr8/avr8-gnu-toolchain/bin/../lib/gcc/avr/5.4.0/avr5\libgcc.a(_udivmodsi4.o)
 .data          0x00000000        0x0 c:/program files (x86)/atmel/studio/7.0/toolchain/avr8/avr8-gnu-toolchain/bin/../lib/gcc/avr/5.4.0/avr5\libgcc.a(_udivmodsi4.o)
 .bss           0x00000000        0x0 c:/program files (x86)/atmel/studio/7.0/toolchain/avr8/avr8-gnu-toolchain/bin/../lib/gcc/avr/5.4.0/avr5\libgcc.a(_udivmodsi4.o)
 .text.libgcc.mul
                0x00000000        0x0 c:/program files (x86)/atmel/studio/7.0/toolchain/avr8/avr8-gnu-toolchain/bin/../lib/gcc/avr/5.4.0/avr5\libgcc.a(_udivmodsi4.o)
 .text.libgcc   0x00000000        0x0 c:/program files (x86)/atmel/studio/7.0/toolchain/avr8/avr8-gnu-toolchain/bin/../lib/gcc/avr/5.4.0/avr5\libgcc.a(_udivmodsi4.o)
 .text.libgcc.prologue
                0x00000000        0x0 c:/program files (x86)/atmel/studio/7.0/toolchain/avr8/avr8-gnu-toolchain/bin/../lib/gcc/avr/5.4.0/avr5\libgcc.a(_udivmodsi4.o)
 .text.libgcc.builtins
                0x00000000        0x0 c:/program files (x86)/atmel/studio/7.0/toolchain/avr8/avr8-gnu-toolchain/bin/../lib/gcc/avr/5.4.0/avr5\libgcc.a(_udivmodsi4.o)
 .text.libgcc.fmul
                0x00000000        0x0 c:/program files (x86)/atmel/studio/7.0/toolchain/avr8/avr8-gnu-toolchain/bin/../lib/gcc/avr/5.4.0/avr5\libgcc.a(_udivmodsi4.o)
 .text.libgcc.fixed
                0x00000000        0x0 c:/program files (x86)/atmel/studio/7.0/toolchain/avr8/avr8-gnu-toolchain/bin/../lib/gcc/avr/5.4.0/avr5\libgcc.a(_udivmodsi4.o)
 .text          0x00000000        0x0 c:/program files (x86)/atmel/studio/7.0/toolchain/avr8/avr8-gnu-toolchain/bin/../lib/gcc/avr/5.4.0/avr5\libgcc.a(_exit.o)
 .data          0x00000000        0x0 c:/program files (x86)/atmel/studio/7.0/toolchain/avr8/avr8-gnu-toolchain/bin/../lib/gcc/avr/5.4.0/avr5\libgcc.a(_exit.o)
 .bss           0x00000000        0x0 c:/program files (x86)/atmel/studio/7.0/toolchain/avr8/avr8-gnu-toolchain/bin/../lib/gcc/avr/5.4.0/avr5\libgcc.a(_exit.o)
 .text.libgcc.mul
                0x00000000        0x0 c:/program files (x86)/atmel/studio/7.0/toolchain/avr8/avr8-gnu-toolchain/bin/../lib/gcc/avr/5.4.0/avr5\libgcc.a(_exit.o)
 .text.libgcc.div
                0x00000000        0x0 c:/program files (x86)/atmel/studio/7.0/toolchain/avr8/avr8-gnu-toolchain/bin/../lib/gcc/avr/5.4.0/avr5\libgcc.a(_exit.o)
 .text.libgcc   0x00000000        0x0 c:/program files (x86)/atmel/studio/7.0/toolchain/avr8/avr8-gnu-toolchain/bin/../lib/gcc/avr/5.4.0/avr5\libgcc.a(_exit.o)
 .text.libgcc.prologue
                0x00000000        0x0 c:/program files (x86)/atmel/studio/7.0/toolchain/avr8/avr8-gnu-toolchain/bin/../lib/gcc/avr/5.4.0/avr5\libgcc.a(_exit.o)
 .text.libgcc.builtins
                0x00000000        0x0 c:/program files (x86)/atmel/studio/7.0/toolchain/avr8/avr8-gnu-toolchain/bin/../lib/gcc/avr/5.4.0/avr5\libgcc.a(_exit.o)
 .text.libgcc.fmul
                0x00000000        0x0 c:/program files (x86)/atmel/studio/7.0/toolchain/avr8/avr8-gnu-toolchain/bin/../lib/gcc/avr/5.4.0/avr5\libgcc.a(_exit.o)
 .text.libgcc.fixed
                0x00000000        0x0 c:/program files (x86)/atmel/studio/7.0/toolchain/avr8/avr8-gnu-toolchain/bin/../lib/gcc/avr/5.4.0/avr5\libgcc.a(_exit.o)
 .text          0x00000000        0x0 c:/program files (x86)/atmel/studio/7.0/toolchain/avr8/avr8-gnu-toolchain/bin/../lib/gcc/avr/5.4.0/avr5\libgcc.a(_copy_data.o)
 .data          0x00000000        0x0 c:/program files (x86)/atmel/studio/7.0/toolchain/avr8/avr8-gnu-toolchain/bin/../lib/gcc/avr/5.4.0/avr5\libgcc.a(_copy_data.o)
 .bss           0x00000000        0x0 c:/program files (x86)/atmel/studio/7.0/toolchain/avr8/avr8-gnu-toolchain/bin/../lib/gcc/avr/5.4.0/avr5\libgcc.a(_copy_data.o)
 .text.libgcc.mul
                0x00000000        0x0 c:/program files (x86)/atmel/studio/7.0/toolchain/avr8/avr8-gnu-toolchain/bin/../lib/gcc/avr/5.4.0/avr5\libgcc.a(_copy_data.o)
 .text.libgcc.div
                0x00000000        0x0 c:/program files (x86)/atmel/studio/7.0/toolchain/avr8/avr8-gnu-toolchain/bin/../lib/gcc/avr/5.4.0/avr5\libgcc.a(_copy_data.o)
 .text.libgcc   0x00000000        0x0 c:/program files (x86)/atmel/studio/7.0/toolchain/avr8/avr8-gnu-toolchain/bin/../lib/gcc/avr/5.4.0/avr5\libgcc.a(_copy_data.o)
 .text.libgcc.prologue
                0x00000000        0x0 c:/program files (x86)/atmel/studio/7.0/toolchain/avr8/avr8-gnu-toolchain/bin/../lib/gcc/avr/5.4.0/avr5\libgcc.a(_copy_data.o)
 .text.libgcc.builtins
                0x00000000        0x0 c:/program files (x86)/atmel/studio/7.0/toolchain/avr8/avr8-gnu-toolchain/bin/../lib/gcc/avr/5.4.0/avr5\libgcc.a(_copy_data.o)
 .text.libgcc.fmul
                0x00000000        0x0 c:/program files (x86)/atmel/studio/7.0/toolchain/avr8/avr8-gnu-toolchain/bin/../lib/gcc/avr/5.4.0/avr5\libgcc.a(_copy_data.o)
 .text.libgcc.fixed
                0x00000000        0x0 c:/program files (x86)/atmel/studio/7.0/toolchain/avr8/avr8-gnu-toolchain/bin/../lib/gcc/avr/5.4.0/avr5\libgcc.a(_copy_data.o)
 .text          0x00000000        0x0 c:/program files (x86)/atmel/studio/7.0/toolchain/avr8/avr8-gnu-toolchain/bin/../lib/gcc/avr/5.4.0/avr5\libgcc.a(_clear_bss.o)
 .data          0x00000000        0x0 c:/program files (x86)/atmel/studio/7.0/toolchain/avr8/avr8-gnu-toolchain/bin/../lib/gcc/avr/5.4.0/avr5\libgcc.a(_clear_bss.o)
 .bss           0x00000000        0x0 c:/program files (x86)/atmel/studio/7.0/toolchain/avr8/avr8-gnu-toolchain/bin/../lib/gcc/avr/5.4.0/avr5\libgcc.a(_clear_bss.o)
 .text.libgcc.mul
                0x00000000        0x0 c:/program files (x86)/atmel/studio/7.0/toolchain/avr8/avr8-gnu-toolchain/bin/../lib/gcc/avr/5.4.0/avr5\libgcc.a(_clear_bss.o)
 .text.libgcc.div
                0x00000000        0x0 c:/program files (x86)/atmel/studio/7.0/toolchain/avr8/avr8-gnu-toolchain/bin/../lib/gcc/avr/5.4.0/avr5\libgcc.a(_clear_bss.o)
 .text.libgcc   0x00000000        0x0 c:/program files (x86)/atmel/studio/7.0/toolchain/avr8/avr8-gnu-toolchain/bin/../lib/gcc/avr/5.4.0/avr5\libgcc.a(_clear_bss.o)
 .text.libgcc.prologue
                0x00000000        0x0 c:/program files (x86)/atmel/studio/7.0/toolchain/avr8/avr8-gnu-toolchain/bin/../lib/gcc/avr/5.4.0/avr5\libgcc.a(_clear_bss.o)
 .text.libgcc.builtins
                0x00000000        0x0 c:/program files (x86)/atmel/studio/7.0/toolchain/avr8/avr8-gnu-toolchain/bin/../lib/gcc/avr/5.4.0/avr5\libgcc.a(_clear_bss.o)
 .text.libgcc.fmul
                0x00000000        0x0 c:/program files (x86)/atmel/studio/7.0/toolchain/avr8/avr8-gnu-toolchain/bin/../lib/gcc/avr/5.4.0/avr5\libgcc.a(_clear_bss.o)
 .text.libgcc.fixed
                0x00000000        0x0 c:/program files (x86)/atmel/studio/7.0/toolchain/avr8/avr8-gnu-toolchain/bin/../lib/gcc/avr/5.4.0/avr5\libgcc.a(_clear_bss.o)
 .text          0x00000000        0x0 c:/program files (x86)/atmel/studio/7.0/toolchain/avr8/avr8-gnu-toolchain/bin/../lib/gcc/avr/5.4.0/avr5\libgcc.a(_umulhisi3.o)
 .data          0x00000000        0x0 c:/program files (x86)/atmel/studio/7.0/toolchain/avr8/avr8-gnu-toolchain/bin/../lib/gcc/avr/5.4.0/avr5\libgcc.a(_umulhisi3.o)
 .bss           0x00000000        0x0 c:/program files (x86)/atmel/studio/7.0/toolchain/avr8/avr8-gnu-toolchain/bin/../lib/gcc/avr/5.4.0/avr5\libgcc.a(_umulhisi3.o)
 .text.libgcc.div
                0x00000000        0x0 c:/program files (x86)/atmel/studio/7.0/toolchain/avr8/avr8-gnu-toolchain/bin/../lib/gcc/avr/5.4.0/avr5\libgcc.a(_umulhisi3.o)
 .text.libgcc   0x00000000        0x0 c:/program files (x86)/atmel/studio/7.0/toolchain/avr8/avr8-gnu-toolchain/bin/../lib/gcc/avr/5.4.0/avr5\libgcc.a(_umulhisi3.o)
 .text.libgcc.prologue
                0x00000000        0x0 c:/program files (x86)/atmel/studio/7.0/toolchain/avr8/avr8-gnu-toolchain/bin/../lib/gcc/avr/5.4.0/avr5\libgcc.a(_umulhisi3.o)
 .text.libgcc.builtins
                0x00000000        0x0 c:/program files (x86)/atmel/studio/7.0/toolchain/avr8/avr8-gnu-toolchain/bin/../lib/gcc/avr/5.4.0/avr5\libgcc.a(_umulhisi3.o)
 .text.libgcc.fmul
                0x00000000        0x0 c:/program files (x86)/atmel/studio/7.0/toolchain/avr8/avr8-gnu-toolchain/bin/../lib/gcc/avr/5.4.0/avr5\libgcc.a(_umulhisi3.o)
 .text.libgcc.fixed
                0x00000000        0x0 c:/program files (x86)/atmel/studio/7.0/toolchain/avr8/avr8-gnu-toolchain/bin/../lib/gcc/avr/5.4.0/avr5\libgcc.a(_umulhisi3.o)

Memory Configuration

Name             Origin             Length             Attributes
text             0x00000000         0x00008000         xr
data             0x00800060         0x00000800         rw !x
eeprom           0x00810000         0x00000400         rw !x
fuse             0x00820000         0x00000002         rw !x
lock             0x00830000         0x00000400         rw !x
signature        0x00840000         0x00000400         rw !x
user_signatures  0x00850000         0x00000400         rw !x
*default*        0x00000000         0xffffffff

Linker script and memory map

LOAD C:/Program Files (x86)/Atmel/Studio/7.0/Packs/atmel/ATmega_DFP/1.7.374/gcc/dev/atmega32/avr5/crtatmega32.o
LOAD ADC_programme.o
LOAD DIO_program.o
LOAD DOOR_Program.o
LOAD EEPROM.o
LOAD EEPROM_program.o
LOAD KPD_programe.o
LOAD LCD_programe.o
LOAD LED_Program.o
LOAD main.o
LOAD Main_config.o
LOAD TIMER1_Program.o
LOAD TWI_program.o
LOAD UART_programe.o
START GROUP
LOAD c:/program files (x86)/atmel/studio/7.0/toolchain/avr8/avr8-gnu-toolchain/bin/../lib/gcc/avr/5.4.0/../../../../avr/lib/avr5\libm.a
END GROUP
START GROUP
LOAD c:/program files (x86)/atmel/studio/7.0/toolchain/avr8/avr8-gnu-toolchain/bin/../lib/gcc/avr/5.4.0/avr5\libgcc.a
LOAD c:/program files (x86)/atmel/studio/7.0/toolchain/avr8/avr8-gnu-toolchain/bin/../lib/gcc/avr/5.4.0/../../../../avr/lib/avr5\libm.a
LOAD c:/program files (x86)/atmel/studio/7.0/toolchain/avr8/avr8-gnu-toolchain/bin/../lib/gcc/avr/5.4.0/../../../../avr/lib/avr5\libc.a
LOAD C:/Program Files (x86)/Atmel/Studio/7.0/Packs/atmel/ATmega_DFP/1.7.374/gcc/dev/atmega32/avr5\libatmega32.a
END GROUP
                0x00000000                __TEXT_REGION_ORIGIN__ = DEFINED (__TEXT_REGION_ORIGIN__)?__TEXT_REGION_ORIGIN__:0x0
                [0x00800060]                __DATA_REGION_ORIGIN__ = DEFINED (__DATA_REGION_ORIGIN__)?__DATA_REGION_ORIGIN__:0x800060
                [0x00008000]                __TEXT_REGION_LENGTH__ = DEFINED (__TEXT_REGION_LENGTH__)?__TEXT_REGION_LENGTH__:0x20000
                [0x00000800]                __DATA_REGION_LENGTH__ = DEFINED (__DATA_REGION_LENGTH__)?__DATA_REGION_LENGTH__:0xffa0
                [0x00000400]                __EEPROM_REGION_LENGTH__ = DEFINED (__EEPROM_REGION_LENGTH__)?__EEPROM_REGION_LENGTH__:0x10000
                [0x00000002]                __FUSE_REGION_LENGTH__ = DEFINED (__FUSE_REGION_LENGTH__)?__FUSE_REGION_LENGTH__:0x400
                0x00000400                __LOCK_REGION_LENGTH__ = DEFINED (__LOCK_REGION_LENGTH__)?__LOCK_REGION_LENGTH__:0x400
                0x00000400                __SIGNATURE_REGION_LENGTH__ = DEFINED (__SIGNATURE_REGION_LENGTH__)?__SIGNATURE_REGION_LENGTH__:0x400
                0x00000400                __USER_SIGNATURE_REGION_LENGTH__ = DEFINED (__USER_SIGNATURE_REGION_LENGTH__)?__USER_SIGNATURE_REGION_LENGTH__:0x400

.hash
 *(.hash)

.dynsym
 *(.dynsym)

.dynstr
 *(.dynstr)

.gnu.version
 *(.gnu.version)

.gnu.version_d
 *(.gnu.version_d)

.gnu.version_r
 *(.gnu.version_r)

.rel.init
 *(.rel.init)

.rela.init
 *(.rela.init)

.rel.text
 *(.rel.text)
 *(.rel.text.*)
 *(.rel.gnu.linkonce.t*)

.rela.text
 *(.rela.text)
 *(.rela.text.*)
 *(.rela.gnu.linkonce.t*)

.rel.fini
 *(.rel.fini)

.rela.fini
 *(.rela.fini)

.rel.rodata
 *(.rel.rodata)
 *(.rel.rodata.*)
 *(.rel.gnu.linkonce.r*)

.rela.rodata
 *(.rela.rodata)
 *(.rela.rodata.*)
 *(.rela.gnu.linkonce.r*)

.rel.data
 *(.rel.data)
 *(.rel.data.*)
 *(.rel.gnu.linkonce.d*)

.rela.data
 *(.rela.data)
 *(.rela.data.*)
 *(.rela.gnu.linkonce.d*)

.rel.ctors
 *(.rel.ctors)

.rela.ctors
 *(.rela.ctors)

.rel.dtors
 *(.rel.dtors)

.rela.dtors
 *(.rela.dtors)

.rel.got
 *(.rel.got)

.rela.got
 *(.rela.got)

.rel.bss
 *(.rel.bss)

.rela.bss
 *(.rela.bss)

.rel.plt
 *(.rel.plt)

.rela.plt
 *(.rela.plt)

.text           0x00000000     0x14ce
 *(.vectors)
 .vectors       0x00000000       0x54 C:/Program Files (x86)/Atmel/Studio/7.0/Packs/atmel/ATmega_DFP/1.7.374/gcc/dev/atmega32/avr5/crtatmega32.o
                0x00000000                __vector_default
                0x00000000                __vectors
 *(.vectors)
 *(.progmem.gcc*)
                0x00000054                . = ALIGN (0x2)
                0x00000054                __trampolines_start = .
 *(.trampolines)
 .trampolines   0x00000054        0x0 linker stubs
 *(.trampolines*)
                0x00000054                __trampolines_end = .
 *libprintf_flt.a:*(.progmem.data)
 *libc.a:*(.progmem.data)
 *(.progmem*)
                0x00000054                . = ALIGN (0x2)
 *(.jumptables)
 *(.jumptables*)
 *(.lowtext)
 *(.lowtext*)
                0x00000054                __ctors_start = .
 *(.ctors)
                0x00000054                __ctors_end = .
                0x00000054                __dtors_start = .
 *(.dtors)
                0x00000054                __dtors_end = .
 SORT(*)(.ctors)
 SORT(*)(.dtors)
 *(.init0)
 .init0         0x00000054        0x0 C:/Program Files (x86)/Atmel/Studio/7.0/Packs/atmel/ATmega_DFP/1.7.374/gcc/dev/atmega32/avr5/crtatmega32.o
                0x00000054                __init
 *(.init0)
 *(.init1)
 *(.init1)
 *(.init2)
 .init2         0x00000054        0xc C:/Program Files (x86)/Atmel/Studio/7.0/Packs/atmel/ATmega_DFP/1.7.374/gcc/dev/atmega32/avr5/crtatmega32.o
 *(.init2)
 *(.init3)
 *(.init3)
 *(.init4)
 .init4         0x00000060       0x16 c:/program files (x86)/atmel/studio/7.0/toolchain/avr8/avr8-gnu-toolchain/bin/../lib/gcc/avr/5.4.0/avr5\libgcc.a(_copy_data.o)
                0x00000060                __do_copy_data
 .init4         0x00000076       0x10 c:/program files (x86)/atmel/studio/7.0/toolchain/avr8/avr8-gnu-toolchain/bin/../lib/gcc/avr/5.4.0/avr5\libgcc.a(_clear_bss.o)
                0x00000076                __do_clear_bss
 *(.init4)
 *(.init5)
 *(.init5)
 *(.init6)
 *(.init6)
 *(.init7)
 *(.init7)
 *(.init8)
 *(.init8)
 *(.init9)
 .init9         0x00000086        0x8 C:/Program Files (x86)/Atmel/Studio/7.0/Packs/atmel/ATmega_DFP/1.7.374/gcc/dev/atmega32/avr5/crtatmega32.o
 *(.init9)
 *(.text)
 .text          0x0000008e        0x4 C:/Program Files (x86)/Atmel/Studio/7.0/Packs/atmel/ATmega_DFP/1.7.374/gcc/dev/atmega32/avr5/crtatmega32.o
                0x0000008e                __vector_1
                0x0000008e                __vector_12
                0x0000008e                __bad_interrupt
                0x0000008e                __vector_6
                0x0000008e                __vector_3
                0x0000008e                __vector_11
                0x0000008e                __vector_13
                0x0000008e                __vector_17
                0x0000008e                __vector_19
                0x0000008e                __vector_7
                0x0000008e                __vector_5
                0x0000008e                __vector_4
                0x0000008e                __vector_9
                0x0000008e                __vector_2
                0x0000008e                __vector_15
                0x0000008e                __vector_8
                0x0000008e                __vector_14
                0x0000008e                __vector_10
                0x0000008e                __vector_16
                0x0000008e                __vector_18
                0x0000008e                __vector_20
                0x00000092                . = ALIGN (0x2)
 *(.text.*)
 .text.ADC_init
                0x00000092       0x32 ADC_programme.o
                0x00000092                ADC_init
 .text.ADC_getDigital
                0x000000c4       0x28 ADC_programme.o
                0x000000c4                ADC_getDigital
 .text.DIO_setPinDeriction
                0x000000ec       0xea DIO_program.o
                0x000000ec                DIO_setPinDeriction
 .text.DIO_setPinValue
                0x000001d6       0xea DIO_program.o
                0x000001d6                DIO_setPinValue
 .text.DIO_getPinValue
                0x000002c0       0x68 DIO_program.o
                0x000002c0                DIO_getPinValue
 .text.DIO_activePinInPullUpResistance
                0x00000328       0x68 DIO_program.o
                0x00000328                DIO_activePinInPullUpResistance
 .text.DOOR_Open
                0x00000390       0x12 DOOR_Program.o
                0x00000390                DOOR_Open
 .text.DOOR_Close
                0x000003a2       0x12 DOOR_Program.o
                0x000003a2                DOOR_Close
 .text.EEPROM_init
                0x000003b4        0x6 EEPROM_program.o
                0x000003b4                EEPROM_init
 .text.EEPROM_writeByte
                0x000003ba       0x3c EEPROM_program.o
                0x000003ba                EEPROM_writeByte
 .text.EEPROM_readByte
                0x000003f6       0x42 EEPROM_program.o
                0x000003f6                EEPROM_readByte
 .text.KPD_init
                0x00000438       0x72 KPD_programe.o
                0x00000438                KPD_init
 .text.KPD_getValue
                0x000004aa      0x128 KPD_programe.o
                0x000004aa                KPD_getValue
 .text.LCD_writeHalfPort
                0x000005d2       0x70 LCD_programe.o
                0x000005d2                LCD_writeHalfPort
 .text.LCD_sendCmnd
                0x00000642       0x6c LCD_programe.o
                0x00000642                LCD_sendCmnd
 .text.LCD_init
                0x000006ae       0xc4 LCD_programe.o
                0x000006ae                LCD_init
 .text.LCD_sendChar
                0x00000772       0x6c LCD_programe.o
                0x00000772                LCD_sendChar
 .text.LCD_writeString
                0x000007de       0x26 LCD_programe.o
                0x000007de                LCD_writeString
 .text.LCD_clear
                0x00000804       0x14 LCD_programe.o
                0x00000804                LCD_clear
 .text.LCD_goToSpecificPosition
                0x00000818       0x24 LCD_programe.o
                0x00000818                LCD_goToSpecificPosition
 .text.LED_on   0x0000083c       0x1e LED_Program.o
                0x0000083c                LED_on
 .text.LED_off  0x0000085a       0x1e LED_Program.o
                0x0000085a                LED_off
 .text.ui8ComparePass
                0x00000878       0x2c main.o
                0x00000878                ui8ComparePass
 .text.main     0x000008a4      0xa04 main.o
                0x000008a4                main
 .text.TIMER1_init
                0x000012a8       0x34 TIMER1_Program.o
                0x000012a8                TIMER1_init
 .text.TIMER1_start
                0x000012dc       0x14 TIMER1_Program.o
                0x000012dc                TIMER1_start
 .text.TIMER1_setCompareMatchValueA
                0x000012f0        0x6 TIMER1_Program.o
                0x000012f0                TIMER1_setCompareMatchValueA
 .text.TWI_initMaster
                0x000012f6       0x1e TWI_program.o
                0x000012f6                TWI_initMaster
 .text.TWI_sendStartCondition
                0x00001314       0x1c TWI_program.o
                0x00001314                TWI_sendStartCondition
 .text.TWI_sendRepStartCondition
                0x00001330       0x1c TWI_program.o
                0x00001330                TWI_sendRepStartCondition
 .text.TWI_sendStopCondition
                0x0000134c        0xe TWI_program.o
                0x0000134c                TWI_sendStopCondition
 .text.TWI_sendSlaveAddWithWrite
                0x0000135a       0x26 TWI_program.o
                0x0000135a                TWI_sendSlaveAddWithWrite
 .text.TWI_sendSlaveAddWithRead
                0x00001380       0x26 TWI_program.o
                0x00001380                TWI_sendSlaveAddWithRead
 .text.TWI_sendMasterDataByte
                0x000013a6       0x18 TWI_program.o
                0x000013a6                TWI_sendMasterDataByte
 .text.TWI_recieveMasterDataByte
                0x000013be       0x18 TWI_program.o
                0x000013be                TWI_recieveMasterDataByte
 .text.UART_init
                0x000013d6       0x5c UART_programe.o
                0x000013d6                UART_init
 .text.UART_RxChar
                0x00001432        0x8 UART_programe.o
                0x00001432                UART_RxChar
 .text.UART_TxChar
                0x0000143a        0x8 UART_programe.o
                0x0000143a                UART_TxChar
 .text.UART_SendString
                0x00001442       0x26 UART_programe.o
                0x00001442                UART_SendString
 .text.libgcc.div
                0x00001468       0x44 c:/program files (x86)/atmel/studio/7.0/toolchain/avr8/avr8-gnu-toolchain/bin/../lib/gcc/avr/5.4.0/avr5\libgcc.a(_udivmodsi4.o)
                0x00001468                __udivmodsi4
 .text.libgcc.mul
                0x000014ac       0x1e c:/program files (x86)/atmel/studio/7.0/toolchain/avr8/avr8-gnu-toolchain/bin/../lib/gcc/avr/5.4.0/avr5\libgcc.a(_umulhisi3.o)
                0x000014ac                __umulhisi3
                0x000014ca                . = ALIGN (0x2)
 *(.fini9)
 .fini9         0x000014ca        0x0 c:/program files (x86)/atmel/studio/7.0/toolchain/avr8/avr8-gnu-toolchain/bin/../lib/gcc/avr/5.4.0/avr5\libgcc.a(_exit.o)
                0x000014ca                _exit
                0x000014ca                exit
 *(.fini9)
 *(.fini8)
 *(.fini8)
 *(.fini7)
 *(.fini7)
 *(.fini6)
 *(.fini6)
 *(.fini5)
 *(.fini5)
 *(.fini4)
 *(.fini4)
 *(.fini3)
 *(.fini3)
 *(.fini2)
 *(.fini2)
 *(.fini1)
 *(.fini1)
 *(.fini0)
 .fini0         0x000014ca        0x4 c:/program files (x86)/atmel/studio/7.0/toolchain/avr8/avr8-gnu-toolchain/bin/../lib/gcc/avr/5.4.0/avr5\libgcc.a(_exit.o)
 *(.fini0)
                0x000014ce                _etext = .

.data           0x00800060      0x21c load address 0x000014ce
                0x00800060                PROVIDE (__data_start, .)
 *(.data)
 *(.data*)
 *(.gnu.linkonce.d*)
 *(.rodata)
 .rodata        0x00800060       0x10 KPD_programe.o
 *(.rodata*)
 .rodata.str1.1
                0x00800070      0x20b main.o
 *(.gnu.linkonce.r*)
                0x0080027c                . = ALIGN (0x2)
 *fill*         0x0080027b        0x1 
                0x0080027c                _edata = .
                0x0080027c                PROVIDE (__data_end, .)

.bss            0x0080027c        0xe
                0x0080027c                PROVIDE (__bss_start, .)
 *(.bss)
 *(.bss*)
 .bss.NumOfTrail.2280
                0x0080027c        0x2 main.o
 .bss.valu      0x0080027e        0x1 main.o
                0x0080027e                valu
 *(COMMON)
 COMMON         0x0080027f        0xb main.o
                0x0080027f                Value
                0x00800280                temp_sensor_reading
                0x00800281                analoge
                0x00800282                temp_2
                0x00800283                temp
                0x00800284                DigitalValue
                0x00800286                NumOfTrail
                0x00800287                temprature
                0x00800288                SetValue
                0x0080028a                PROVIDE (__bss_end, .)
                0x000014ce                __data_load_start = LOADADDR (.data)
                0x000016ea                __data_load_end = (__data_load_start + SIZEOF (.data))

.noinit         0x0080028a        0x0
                [!provide]                PROVIDE (__noinit_start, .)
 *(.noinit*)
                [!provide]                PROVIDE (__noinit_end, .)
                0x0080028a                _end = .
                [!provide]                PROVIDE (__heap_start, .)

.eeprom         0x00810000        0x0
 *(.eeprom*)
                0x00810000                __eeprom_end = .

.fuse
 *(.fuse)
 *(.lfuse)
 *(.hfuse)
 *(.efuse)

.lock
 *(.lock*)

.signature
 *(.signature*)

.user_signatures
 *(.user_signatures*)

.stab
 *(.stab)

.stabstr
 *(.stabstr)

.stab.excl
 *(.stab.excl)

.stab.exclstr
 *(.stab.exclstr)

.stab.index
 *(.stab.index)

.stab.indexstr
 *(.stab.indexstr)

.comment        0x00000000       0x30
 *(.comment)
 .comment       0x00000000       0x30 ADC_programme.o
                                 0x31 (size before relaxing)
 .comment       0x00000030       0x31 DIO_program.o
 .comment       0x00000030       0x31 DOOR_Program.o
 .comment       0x00000030       0x31 EEPROM_program.o
 .comment       0x00000030       0x31 KPD_programe.o
 .comment       0x00000030       0x31 LCD_programe.o
 .comment       0x00000030       0x31 LED_Program.o
 .comment       0x00000030       0x31 main.o
 .comment       0x00000030       0x31 TIMER1_Program.o
 .comment       0x00000030       0x31 TWI_program.o
 .comment       0x00000030       0x31 UART_programe.o

.note.gnu.avr.deviceinfo
                0x00000000       0x3c
 .note.gnu.avr.deviceinfo
                0x00000000       0x3c C:/Program Files (x86)/Atmel/Studio/7.0/Packs/atmel/ATmega_DFP/1.7.374/gcc/dev/atmega32/avr5/crtatmega32.o

.note.gnu.build-id
 *(.note.gnu.build-id)

.debug
 *(.debug)

.line
 *(.line)

.debug_srcinfo
 *(.debug_srcinfo)

.debug_sfnames
 *(.debug_sfnames)

.debug_aranges  0x00000000      0x260
 *(.debug_aranges)
 .debug_aranges
                0x00000000       0x28 ADC_programme.o
 .debug_aranges
                0x00000028       0x40 DIO_program.o
 .debug_aranges
                0x00000068       0x28 DOOR_Program.o
 .debug_aranges
                0x00000090       0x30 EEPROM_program.o
 .debug_aranges
                0x000000c0       0x28 KPD_programe.o
 .debug_aranges
                0x000000e8       0x60 LCD_programe.o
 .debug_aranges
                0x00000148       0x28 LED_Program.o
 .debug_aranges
                0x00000170       0x28 main.o
 .debug_aranges
                0x00000198       0x38 TIMER1_Program.o
 .debug_aranges
                0x000001d0       0x58 TWI_program.o
 .debug_aranges
                0x00000228       0x38 UART_programe.o

.debug_pubnames
 *(.debug_pubnames)

.debug_info     0x00000000     0x3c85
 *(.debug_info .gnu.linkonce.wi.*)
 .debug_info    0x00000000      0x4e6 C:/Program Files (x86)/Atmel/Studio/7.0/Packs/atmel/ATmega_DFP/1.7.374/gcc/dev/atmega32/avr5/crtatmega32.o
 .debug_info    0x000004e6       0xc1 ADC_programme.o
 .debug_info    0x000005a7      0x19f DIO_program.o
 .debug_info    0x00000746      0x108 DOOR_Program.o
 .debug_info    0x0000084e      0x310 EEPROM_program.o
 .debug_info    0x00000b5e      0x336 KPD_programe.o
 .debug_info    0x00000e94      0xa2f LCD_programe.o
 .debug_info    0x000018c3      0x15e LED_Program.o
 .debug_info    0x00001a21     0x1ef9 main.o
 .debug_info    0x0000391a       0xeb TIMER1_Program.o
 .debug_info    0x00003a05      0x14e TWI_program.o
 .debug_info    0x00003b53      0x132 UART_programe.o

.debug_abbrev   0x00000000      0xe64
 *(.debug_abbrev)
 .debug_abbrev  0x00000000      0x4a3 C:/Program Files (x86)/Atmel/Studio/7.0/Packs/atmel/ATmega_DFP/1.7.374/gcc/dev/atmega32/avr5/crtatmega32.o
 .debug_abbrev  0x000004a3       0x87 ADC_programme.o
 .debug_abbrev  0x0000052a       0x87 DIO_program.o
 .debug_abbrev  0x000005b1       0x71 DOOR_Program.o
 .debug_abbrev  0x00000622      0x152 EEPROM_program.o
 .debug_abbrev  0x00000774       0xe0 KPD_programe.o
 .debug_abbrev  0x00000854      0x168 LCD_programe.o
 .debug_abbrev  0x000009bc       0x8d LED_Program.o
 .debug_abbrev  0x00000a49      0x236 main.o
 .debug_abbrev  0x00000c7f       0x87 TIMER1_Program.o
 .debug_abbrev  0x00000d06       0x89 TWI_program.o
 .debug_abbrev  0x00000d8f       0xd5 UART_programe.o

.debug_line     0x00000000     0x19fc
 *(.debug_line .debug_line.* .debug_line_end)
 .debug_line    0x00000000      0x116 C:/Program Files (x86)/Atmel/Studio/7.0/Packs/atmel/ATmega_DFP/1.7.374/gcc/dev/atmega32/avr5/crtatmega32.o
 .debug_line    0x00000116       0xb9 ADC_programme.o
 .debug_line    0x000001cf      0x1ef DIO_program.o
 .debug_line    0x000003be       0x8b DOOR_Program.o
 .debug_line    0x00000449      0x1cb EEPROM_program.o
 .debug_line    0x00000614      0x151 KPD_programe.o
 .debug_line    0x00000765      0x3fa LCD_programe.o
 .debug_line    0x00000b5f       0x96 LED_Program.o
 .debug_line    0x00000bf5      0xa17 main.o
 .debug_line    0x0000160c       0xd0 TIMER1_Program.o
 .debug_line    0x000016dc      0x1ea TWI_program.o
 .debug_line    0x000018c6      0x136 UART_programe.o

.debug_frame    0x00000000      0x47c
 *(.debug_frame)
 .debug_frame   0x00000000       0x34 ADC_programme.o
 .debug_frame   0x00000034       0x64 DIO_program.o
 .debug_frame   0x00000098       0x34 DOOR_Program.o
 .debug_frame   0x000000cc       0x60 EEPROM_program.o
 .debug_frame   0x0000012c       0x7c KPD_programe.o
 .debug_frame   0x000001a8       0xec LCD_programe.o
 .debug_frame   0x00000294       0x4c LED_Program.o
 .debug_frame   0x000002e0       0x50 main.o
 .debug_frame   0x00000330       0x54 TIMER1_Program.o
 .debug_frame   0x00000384       0x94 TWI_program.o
 .debug_frame   0x00000418       0x64 UART_programe.o

.debug_str      0x00000000      0x8d3
 *(.debug_str)
 .debug_str     0x00000000      0x196 C:/Program Files (x86)/Atmel/Studio/7.0/Packs/atmel/ATmega_DFP/1.7.374/gcc/dev/atmega32/avr5/crtatmega32.o
 .debug_str     0x00000196      0x160 ADC_programme.o
                                0x187 (size before relaxing)
 .debug_str     0x000002f6       0x94 DIO_program.o
                                0x1df (size before relaxing)
 .debug_str     0x0000038a       0x5f DOOR_Program.o
                                0x1a1 (size before relaxing)
 .debug_str     0x000003e9      0x193 EEPROM_program.o
                                0x2e2 (size before relaxing)
 .debug_str     0x0000057c       0x87 KPD_programe.o
                                0x21d (size before relaxing)
 .debug_str     0x00000603       0xe6 LCD_programe.o
                                0x2e9 (size before relaxing)
 .debug_str     0x000006e9       0x2d LED_Program.o
                                0x199 (size before relaxing)
 .debug_str     0x00000716      0x136 main.o
                                0x410 (size before relaxing)
 .debug_str     0x0000084c       0x33 TIMER1_Program.o
                                0x1b1 (size before relaxing)
 .debug_str     0x0000087f       0x1c TWI_program.o
                                0x21d (size before relaxing)
 .debug_str     0x0000089b       0x38 UART_programe.o
                                0x1d7 (size before relaxing)

.debug_loc      0x00000000     0x1deb
 *(.debug_loc)
 .debug_loc     0x00000000       0x21 ADC_programme.o
 .debug_loc     0x00000021      0x2e4 DIO_program.o
 .debug_loc     0x00000305      0x1c2 EEPROM_program.o
 .debug_loc     0x000004c7      0x1a0 KPD_programe.o
 .debug_loc     0x00000667      0x6c8 LCD_programe.o
 .debug_loc     0x00000d2f      0x10e LED_Program.o
 .debug_loc     0x00000e3d      0xe82 main.o
 .debug_loc     0x00001cbf       0x6f TWI_program.o
 .debug_loc     0x00001d2e       0xbd UART_programe.o

.debug_macinfo
 *(.debug_macinfo)

.debug_weaknames
 *(.debug_weaknames)

.debug_funcnames
 *(.debug_funcnames)

.debug_typenames
 *(.debug_typenames)

.debug_varnames
 *(.debug_varnames)

.debug_pubtypes
 *(.debug_pubtypes)

.debug_ranges   0x00000000      0x1b0
 *(.debug_ranges)
 .debug_ranges  0x00000000       0x18 ADC_programme.o
 .debug_ranges  0x00000018       0x30 DIO_program.o
 .debug_ranges  0x00000048       0x18 DOOR_Program.o
 .debug_ranges  0x00000060       0x20 EEPROM_program.o
 .debug_ranges  0x00000080       0x18 KPD_programe.o
 .debug_ranges  0x00000098       0x50 LCD_programe.o
 .debug_ranges  0x000000e8       0x18 LED_Program.o
 .debug_ranges  0x00000100       0x18 main.o
 .debug_ranges  0x00000118       0x28 TIMER1_Program.o
 .debug_ranges  0x00000140       0x48 TWI_program.o
 .debug_ranges  0x00000188       0x28 UART_programe.o

.debug_macro
 *(.debug_macro)
OUTPUT(SmartHome.elf elf32-avr)
LOAD linker stubs
